[theme.ridianur.com/hampoz/index.html]
[gmpg.org/xfn/11.html]
[backblue.gif]
[fade.gif]
[index.html]
[theme.ridianur.com/hampoz/feed/index.html]
[fonts.googleapis.com/index.html]
[theme.ridianur.com/hampoz/comments/feed/index.html]
[theme.ridianur.com/hampoz/wp-includes/js/jquery/jquery4a5f.js]
[theme.ridianur.com/hampoz/wp-content/themes/hampoz/js/modernizr234e.js]
[theme.ridianur.com/hampoz/wp-json/wp/v2/pages/6.json]
[theme.ridianur.com/hampoz/wp-json/index.html]
[theme.ridianur.com/hampoz/xmlrpc0db0.php]
[theme.ridianur.com/hampoz/wp-includes/wlwmanifest.xml]
[theme.ridianur.com/hampoz/wp-json/oembed/1.0/embed2fd4.json]
[theme.ridianur.com/hampoz/wp-json/oembed/1.0/embed72fa]
[theme.ridianur.com/hampoz/wp-content/uploads/2018/02/cropped-fav-1-32x32.png]
[theme.ridianur.com/hampoz/wp-content/uploads/2018/02/cropped-fav-1-192x192.png]
[theme.ridianur.com/hampoz/wp-content/uploads/2018/02/cropped-fav-1-180x180.png]
[theme.ridianur.com/hampoz/assets/images/logo.png]
[theme.ridianur.com/hampoz/wp-content/uploads/2018/02/slider1.jpg]
[theme.ridianur.com/hampoz/wp-content/uploads/2018/02/slider2.jpg]
[theme.ridianur.com/hampoz/home-modern/index.html]
[theme.ridianur.com/hampoz/home-modern-two/index.html]
[theme.ridianur.com/hampoz/wp-content/uploads/2018/02/team1.jpg]
[theme.ridianur.com/hampoz/home-fullwidth/index.html]
[theme.ridianur.com/hampoz/wp-content/uploads/2018/02/team2.jpg]
[theme.ridianur.com/hampoz/wp-content/uploads/2018/02/team4.jpg]
[theme.ridianur.com/hampoz/home-personal/index.html]
[theme.ridianur.com/hampoz/wp-content/uploads/2018/02/work4.jpg]
[theme.ridianur.com/hampoz/wp-content/uploads/2018/02/work3.jpg]
[theme.ridianur.com/hampoz/wp-content/uploads/2018/02/work1.jpg]
[theme.ridianur.com/hampoz/wp-content/uploads/2018/02/work2.jpg]
[theme.ridianur.com/hampoz/wp-content/uploads/2018/02/work8.jpg]
[theme.ridianur.com/hampoz/home-personal-two/index.html]
[theme.ridianur.com/hampoz/about-us/index.html]
[theme.ridianur.com/hampoz/wp-content/uploads/2018/02/work7.jpg]
[theme.ridianur.com/hampoz/about-us-two/index.html]
[theme.ridianur.com/hampoz/about-me/index.html]
[theme.ridianur.com/hampoz/wp-content/plugins/contact-form-7/includes/js/scripts9dff.js]
[theme.ridianur.com/hampoz/wp-content/themes/hampoz/js/bootstrap.min234e.js]
[theme.ridianur.com/hampoz/wp-includes/js/jquery/ui/effect.mine899.js]
[theme.ridianur.com/hampoz/wp-content/themes/hampoz/js/superfish234e.js]
[theme.ridianur.com/hampoz/works-page/index.html]
[theme.ridianur.com/hampoz/works-page-two/index.html]
[theme.ridianur.com/hampoz/wp-content/themes/hampoz/js/jquery.fitvids234e.js]
[theme.ridianur.com/hampoz/wp-content/plugins/hampoz_plugin/widgets/js/jquery.magnific-popup.min.js]
[theme.ridianur.com/hampoz/works-gallery/index.html]
[theme.ridianur.com/hampoz/works-masonry-gallery/index.html]
[theme.ridianur.com/hampoz/wp-content/themes/hampoz/js/jquery.sticky234e.js]
[theme.ridianur.com/hampoz/contact-page/index.html]
[theme.ridianur.com/hampoz/blog-sidebar/index.html]
[theme.ridianur.com/hampoz/contact-page-two/index.html]
[theme.ridianur.com/hampoz/wp-includes/js/imagesloaded.mineda1.js]
[theme.ridianur.com/hampoz/blog-wide/index.html]
[theme.ridianur.com/hampoz/wp-content/plugins/elementor/assets/lib/slick/slick.minc245.js]
[theme.ridianur.com/hampoz/blog-slider-two/index.html]
[theme.ridianur.com/hampoz/blog-slider/index.html]
[theme.ridianur.com/hampoz/wp-content/plugins/hampoz_plugin/widgets/js/slick-animation.js]
[theme.ridianur.com/hampoz/portfolio/integer-tincidunt/index.html]
[theme.ridianur.com/hampoz/wp-content/themes/hampoz/js/totop234e.js]
[theme.ridianur.com/hampoz/portfolio/quinoa-street/index.html]
[theme.ridianur.com/hampoz/wp-content/themes/hampoz/js/script234e.js]
[theme.ridianur.com/hampoz/wp-content/themes/hampoz/js/loader234e.js]
[theme.ridianur.com/hampoz/portfolio/gentrify-four/index.html]
[theme.ridianur.com/hampoz/wp-content/plugins/hampoz_plugin/inc/js/jflickrfeed.min234e.js]
[theme.ridianur.com/hampoz/wp-includes/js/wp-embed.min234e.js]
[theme.ridianur.com/hampoz/wp-content/plugins/hampoz_plugin/widgets/js/slider.js]
[theme.ridianur.com/hampoz/wp-content/plugins/hampoz_plugin/widgets/js/isotope.pkgd.js]
[theme.ridianur.com/hampoz/portfolio/ethical-occupy/index.html]
[theme.ridianur.com/hampoz/portfolio/narwhal-keffiyeh/index.html]
[theme.ridianur.com/hampoz/portfolio/helvetica-consequat/index.html]
[theme.ridianur.com/hampoz/wp-content/plugins/hampoz_plugin/widgets/js/portfolio.js]
[theme.ridianur.com/hampoz/wp-content/plugins/elementor/assets/js/webpack.runtime.minaeb9.js]
[theme.ridianur.com/hampoz/wp-content/plugins/elementor/assets/js/frontend-modules.minaeb9.js]
[theme.ridianur.com/hampoz/wp-includes/js/jquery/ui/position.mine899.js]
[theme.ridianur.com/hampoz/wp-content/plugins/elementor/assets/lib/dialog/dialog.mina288.js]
[theme.ridianur.com/hampoz/wp-content/plugins/elementor/assets/lib/waypoints/waypoints.min05da.js]
[theme.ridianur.com/hampoz/wp-content/plugins/elementor/assets/lib/share-link/share-link.minaeb9.js]
[theme.ridianur.com/hampoz/wp-content/plugins/elementor/assets/lib/swiper/swiper.min48f5.js]
[theme.ridianur.com/hampoz/wp-content/plugins/elementor/assets/js/frontend.minaeb9.js]
[theme.ridianur.com/hampoz/index.html]
[theme.ridianur.com/hampoz/wp-content/plugins/elementor/assets/js/preloaded-elements-handlers.minaeb9.js]
[gmpg.org/xfn/default.css]
[gmpg.org/xfn/.html]
[gmpg.org/xfn/intro.html]
[gmpg.org/xfn/faq.html]
[gmpg.org/xfn/11.html]
[theme.ridianur.com/hampoz/xmlrpc.php]
[fonts.googleapis.com/index.html]
[s.w.org/index.html]
[fonts.googleapis.com/css5584.css]
[fonts.googleapis.com/css66fd.css]
[theme.ridianur.com/hampoz/wp-json/wp/v2/pages/245.json]
[theme.ridianur.com/hampoz/wp-json/oembed/1.0/embed8643.json]
[theme.ridianur.com/hampoz/wp-json/oembed/1.0/embed09f9]
[theme.ridianur.com/hampoz/assets/images/logo.png]
[theme.ridianur.com/hampoz/wp-content/uploads/2018/02/slider4.jpg]
[theme.ridianur.com/hampoz/wp-content/uploads/2018/02/slider5.jpg]
[theme.ridianur.com/hampoz/wp-content/uploads/2018/02/tall1.jpg]
[theme.ridianur.com/hampoz/wp-content/uploads/2018/02/tall2.jpg]
[theme.ridianur.com/hampoz/wp-content/uploads/2018/02/work5.jpg]
[theme.ridianur.com/hampoz/wp-content/uploads/2018/02/work6.jpg]
[theme.ridianur.com/hampoz/portfolio/asymmetrical-chambray/index.html]
[theme.ridianur.com/hampoz/assets/images/logo.png]
[theme.ridianur.com/hampoz/home-modern/index.html]
[theme.ridianur.com/hampoz/portfolio/bespoke-normcore/index.html]
[theme.ridianur.com/hampoz/wp-json/wp/v2/pages/382.json]
[theme.ridianur.com/hampoz/wp-json/oembed/1.0/embed8e2b.json]
[theme.ridianur.com/hampoz/wp-json/oembed/1.0/embed4249]
[theme.ridianur.com/hampoz/wp-content/uploads/2018/02/slider4-1024x680.jpg]
[theme.ridianur.com/hampoz/wp-content/uploads/2018/02/slider7.jpg]
[theme.ridianur.com/hampoz/wp-content/uploads/2018/02/slider3.jpg]
[theme.ridianur.com/hampoz/wp-content/plugins/hampoz_plugin/widgets/js/popup-gallery.js]
[theme.ridianur.com/hampoz/home-modern-two/index.html]
[theme.ridianur.com/hampoz/wp-json/wp/v2/pages/542.json]
[theme.ridianur.com/hampoz/wp-json/oembed/1.0/embed0f50.json]
[theme.ridianur.com/hampoz/wp-json/oembed/1.0/embede620]
[theme.ridianur.com/hampoz/wp-content/uploads/2018/02/logo-white.png]
[theme.ridianur.com/hampoz/wp-content/uploads/2018/02/slider10.jpg]
[theme.ridianur.com/hampoz/wp-content/uploads/2018/02/slider11.jpg]
[theme.ridianur.com/hampoz/home-fullwidth/index.html]
[theme.ridianur.com/hampoz/wp-json/wp/v2/pages/478.json]
[theme.ridianur.com/hampoz/wp-json/oembed/1.0/embedaf07.json]
[theme.ridianur.com/hampoz/wp-json/oembed/1.0/embed59f5]
[theme.ridianur.com/hampoz/wp-content/uploads/2018/02/personal.jpg]
[theme.ridianur.com/hampoz/home-personal/index.html]
[theme.ridianur.com/hampoz/wp-json/wp/v2/pages/505.json]
[theme.ridianur.com/hampoz/wp-json/oembed/1.0/embed8456.json]
[theme.ridianur.com/hampoz/home-personal-two/index.html]
[theme.ridianur.com/hampoz/wp-json/oembed/1.0/embed262f]
[theme.ridianur.com/hampoz/wp-json/wp/v2/pages/148.json]
[theme.ridianur.com/hampoz/wp-json/oembed/1.0/embed3c1d.json]
[theme.ridianur.com/hampoz/about-us/index.html]
[theme.ridianur.com/hampoz/wp-json/oembed/1.0/embede521]
[theme.ridianur.com/hampoz/wp-json/wp/v2/pages/314.json]
[theme.ridianur.com/hampoz/wp-json/oembed/1.0/embedc87c.json]
[theme.ridianur.com/hampoz/about-us-two/index.html]
[theme.ridianur.com/hampoz/wp-json/oembed/1.0/embed0365]
[theme.ridianur.com/hampoz/wp-json/wp/v2/pages/520.json]
[theme.ridianur.com/hampoz/wp-json/oembed/1.0/embed16fa.json]
[theme.ridianur.com/hampoz/about-me/index.html]
[theme.ridianur.com/hampoz/wp-json/oembed/1.0/embedddee]
[theme.ridianur.com/hampoz/wp-json/wp/v2/pages/185.json]
[theme.ridianur.com/hampoz/wp-json/oembed/1.0/embedda24.json]
[theme.ridianur.com/hampoz/wp-json/oembed/1.0/embeda948]
[theme.ridianur.com/hampoz/wp-content/uploads/2018/02/client1.png]
[theme.ridianur.com/hampoz/wp-content/uploads/2018/02/client2.png]
[theme.ridianur.com/hampoz/wp-content/uploads/2018/02/client3.png]
[theme.ridianur.com/hampoz/wp-content/uploads/2018/02/client5.png]
[theme.ridianur.com/hampoz/wp-content/uploads/2018/02/client6.png]
[theme.ridianur.com/hampoz/wp-content/uploads/2018/02/client7.png]
[theme.ridianur.com/hampoz/wp-content/uploads/2018/02/client8.png]
[theme.ridianur.com/hampoz/works-page/index.html]
[theme.ridianur.com/hampoz/wp-json/wp/v2/pages/346.json]
[theme.ridianur.com/hampoz/wp-json/oembed/1.0/embed3c85.json]
[theme.ridianur.com/hampoz/wp-json/oembed/1.0/embed69ba]
[theme.ridianur.com/hampoz/works-page-two/index.html]
[theme.ridianur.com/hampoz/wp-content/uploads/2018/02/slider6.jpg]
[theme.ridianur.com/hampoz/wp-json/wp/v2/pages/429.json]
[theme.ridianur.com/hampoz/wp-json/oembed/1.0/embed2a52.json]
[theme.ridianur.com/hampoz/wp-json/oembed/1.0/embed8e79]
[theme.ridianur.com/hampoz/works-gallery/index.html]
[theme.ridianur.com/hampoz/wp-json/wp/v2/pages/456.json]
[theme.ridianur.com/hampoz/wp-json/oembed/1.0/embed987a.json]
[theme.ridianur.com/hampoz/wp-json/oembed/1.0/embed82f4]
[theme.ridianur.com/hampoz/wp-content/uploads/2018/02/slider8.jpg]
[theme.ridianur.com/hampoz/wp-content/plugins/hampoz_plugin/widgets/js/mason-gallery.js]
[theme.ridianur.com/hampoz/works-masonry-gallery/index.html]
[theme.ridianur.com/hampoz/wp-json/wp/v2/pages/229.json]
[theme.ridianur.com/hampoz/wp-json/oembed/1.0/embed570a.json]
[theme.ridianur.com/hampoz/wp-json/oembed/1.0/embeddb71]
[theme.ridianur.com/hampoz/contact-page/index.html]
[theme.ridianur.com/hampoz/wp-json/wp/v2/pages/360.json]
[theme.ridianur.com/hampoz/wp-json/oembed/1.0/embedcd99.json]
[theme.ridianur.com/hampoz/wp-json/oembed/1.0/embeddd22]
[theme.ridianur.com/hampoz/contact-page-two/index.html]
[theme.ridianur.com/hampoz/wp-json/wp/v2/pages/511.json]
[theme.ridianur.com/hampoz/wp-json/oembed/1.0/embedb180.json]
[theme.ridianur.com/hampoz/wp-json/oembed/1.0/embedd020]
[theme.ridianur.com/hampoz/wp-content/uploads/2018/02/blog8.jpg]
[theme.ridianur.com/hampoz/wp-content/uploads/2018/02/blog1.jpg]
[theme.ridianur.com/hampoz/wp-content/uploads/2018/02/blog3.jpg]
[theme.ridianur.com/hampoz/tag/event/index.html]
[theme.ridianur.com/hampoz/wp-content/uploads/2018/02/blog4.jpg]
[theme.ridianur.com/hampoz/wp-content/uploads/2018/02/blog5.jpg]
[theme.ridianur.com/hampoz/wp-content/plugins/hampoz_plugin/widgets/js/blog-mason.js]
[theme.ridianur.com/hampoz/blog-sidebar/index.html]
[theme.ridianur.com/hampoz/tag/funny/index.html]
[theme.ridianur.com/hampoz/wp-json/wp/v2/pages/513.json]
[theme.ridianur.com/hampoz/tag/movie/index.html]
[theme.ridianur.com/hampoz/wp-json/oembed/1.0/embedd17e.json]
[theme.ridianur.com/hampoz/tag/music/index.html]
[theme.ridianur.com/hampoz/tag/people/index.html]
[theme.ridianur.com/hampoz/wp-json/oembed/1.0/embedfcc2]
[theme.ridianur.com/hampoz/transformed-in-his-bed/index.html]
[theme.ridianur.com/hampoz/blog-wide/index.html]
[theme.ridianur.com/hampoz/author/admin/index.html]
[theme.ridianur.com/hampoz/breath-of-that-universal/index.html]
[theme.ridianur.com/hampoz/initial-into-the-belt/index.html]
[theme.ridianur.com/hampoz/wp-json/wp/v2/pages/657.json]
[theme.ridianur.com/hampoz/their-separate-existence/index.html]
[theme.ridianur.com/hampoz/wp-json/oembed/1.0/embed8971.json]
[theme.ridianur.com/hampoz/wp-json/oembed/1.0/embedb06f]
[theme.ridianur.com/hampoz/wp-content/uploads/2018/02/blog6.jpg]
[theme.ridianur.com/hampoz/wp-content/uploads/2018/02/blog7.jpg]
[theme.ridianur.com/hampoz/blog-sidebar/page/2/index.html]
[theme.ridianur.com/hampoz/wp-content/plugins/hampoz_plugin/widgets/js/blog-slider.js]
[theme.ridianur.com/hampoz/blog-slider/index.html]
[theme.ridianur.com/hampoz/category/uncategorized/index.html]
[theme.ridianur.com/hampoz/category/politics/index.html]
[theme.ridianur.com/hampoz/category/news/index.html]
[theme.ridianur.com/hampoz/wp-json/wp/v2/pages/667.json]
[theme.ridianur.com/hampoz/blog-wide/page/2/index.html]
[theme.ridianur.com/hampoz/wp-json/oembed/1.0/embed59ea.json]
[theme.ridianur.com/hampoz/blog-wide/page/3/index.html]
[theme.ridianur.com/hampoz/wp-json/oembed/1.0/embedbfd2]
[theme.ridianur.com/hampoz/blog-slider/page/2/index.html]
[theme.ridianur.com/hampoz/wp-content/plugins/hampoz_plugin/widgets/js/blog.js]
[theme.ridianur.com/hampoz/blog-slider-two/index.html]
[theme.ridianur.com/hampoz/it-va-esser-tam-simplic-quam/index.html]
[theme.ridianur.com/hampoz/window-at-the-dull-weather/index.html]
[theme.ridianur.com/hampoz/blog-slider/page/3/index.html]
[theme.ridianur.com/hampoz/category/magazine/index.html]
[theme.ridianur.com/hampoz/wp-json/oembed/1.0/embedd7e2.json]
[theme.ridianur.com/hampoz/portfolio/integer-tincidunt/feed/index.html]
[theme.ridianur.com/hampoz/blog-slider-two/page/2/index.html]
[theme.ridianur.com/hampoz/wp-json/oembed/1.0/embedff6e]
[theme.ridianur.com/hampoz/wp-content/uploads/2018/02/gal1.jpg]
[theme.ridianur.com/hampoz/wp-content/uploads/2018/02/gal3.jpg]
[theme.ridianur.com/hampoz/wp-content/uploads/2018/02/gal5.jpg]
[theme.ridianur.com/hampoz/wp-content/uploads/2018/02/gal6.jpg]
[theme.ridianur.com/hampoz/wp-includes/js/comment-reply.min234e.js]
[theme.ridianur.com/hampoz/wp-content/plugins/hampoz_plugin/widgets/js/imgbg.js]
[theme.ridianur.com/hampoz/wp-content/plugins/hampoz_plugin/widgets/js/single-portfolio.js]
[theme.ridianur.com/hampoz/wp-content/plugins/hampoz_plugin/widgets/js/sliderbg.js]
[theme.ridianur.com/hampoz/portfolio/integer-tincidunt/index.html]
[theme.ridianur.com/hampoz/wp-json/oembed/1.0/embed2893.json]
[theme.ridianur.com/hampoz/portfolio/quinoa-street/feed/index.html]
[theme.ridianur.com/hampoz/wp-json/oembed/1.0/embed0e68]
[theme.ridianur.com/hampoz/wp-content/uploads/2018/02/gal4.jpg]
[theme.ridianur.com/hampoz/wp-content/uploads/2018/02/gal2.jpg]
[theme.ridianur.com/hampoz/portfolio/quinoa-street/index.html]
[theme.ridianur.com/hampoz/wp-json/oembed/1.0/embedfdc3.json]
[theme.ridianur.com/hampoz/wp-json/oembed/1.0/embedfbd7]
[theme.ridianur.com/hampoz/wp-content/plugins/hampoz_plugin/widgets/js/share.js]
[theme.ridianur.com/hampoz/portfolio/gentrify-four/index.html]
[theme.ridianur.com/hampoz/portfolio/gentrify-four/feed/index.html]
[theme.ridianur.com/hampoz/wp-json/oembed/1.0/embed1586]
[theme.ridianur.com/hampoz/portfolio/ethical-occupy/feed/index.html]
[theme.ridianur.com/hampoz/portfolio/ethical-occupy/index.html]
[theme.ridianur.com/hampoz/wp-json/oembed/1.0/embedf90d]
[theme.ridianur.com/hampoz/portfolio/helvetica-consequat/feed/index.html]
[theme.ridianur.com/hampoz/wp-json/oembed/1.0/embed479f.json]
[theme.ridianur.com/hampoz/portfolio/helvetica-consequat/index.html]
[theme.ridianur.com/hampoz/wp-json/oembed/1.0/embede24f]
[theme.ridianur.com/hampoz/wp-json/oembed/1.0/embedaa6f.json]
[theme.ridianur.com/hampoz/portfolio/narwhal-keffiyeh/feed/index.html]
[theme.ridianur.com/hampoz/wp-json/oembed/1.0/embed1f36]
[theme.ridianur.com/hampoz/wp-content/uploads/2018/02/gal7.jpg]
[theme.ridianur.com/hampoz/wp-content/plugins/hampoz_plugin/widgets/js/jquery.mb.YTPlayer234e.js]
[theme.ridianur.com/hampoz/portfolio/narwhal-keffiyeh/index.html]
[fonts.googleapis.com/css5b77.css]
[gmpg.org/xfn/.html]
[gmpg.org/xfn/intro.html]
[gmpg.org/xfn/faq.html]
[fonts.googleapis.com/css82f0.css]
[theme.ridianur.com/hampoz/indexe1a1.html]
[theme.ridianur.com/hampoz/wp-content/plugins/hampoz_plugin/widgets/js/homeyt234e.js]
[theme.ridianur.com/hampoz/wp-json/oembed/1.0/embed3950.json]
[theme.ridianur.com/hampoz/portfolio/asymmetrical-chambray/feed/index.html]
[theme.ridianur.com/hampoz/portfolio/asymmetrical-chambray/index.html]
[theme.ridianur.com/hampoz/wp-json/oembed/1.0/embed9590]
[theme.ridianur.com/hampoz/wp-json/oembed/1.0/embed5a42.json]
[theme.ridianur.com/hampoz/portfolio/bespoke-normcore/feed/index.html]
[theme.ridianur.com/hampoz/portfolio/bespoke-normcore/index.html]
[fonts.googleapis.com/csscc7a.css]
[theme.ridianur.com/hampoz/index802e.html]
[theme.ridianur.com/hampoz/index0d79.html]
[theme.ridianur.com/hampoz/index50ba.html]
[theme.ridianur.com/hampoz/index9b9e.html]
[theme.ridianur.com/hampoz/indexa36b.html]
[theme.ridianur.com/hampoz/index1031.html]
[theme.ridianur.com/hampoz/indexc37e.html]
[theme.ridianur.com/hampoz/indexb998.html]
[theme.ridianur.com/hampoz/index17f1.html]
[theme.ridianur.com/hampoz/indexedce.html]
[theme.ridianur.com/hampoz/index7014.html]
[theme.ridianur.com/hampoz/index4580.html]
[theme.ridianur.com/hampoz/index4c85.html]
[theme.ridianur.com/hampoz/index8e0b.html]
[theme.ridianur.com/hampoz/wp-json/oembed/1.0/embed1714]
[theme.ridianur.com/hampoz/wp-json/wp/v2/tags/17.json]
[theme.ridianur.com/hampoz/tag/event/index.html]
[theme.ridianur.com/hampoz/tag/event/feed/index.html]
[theme.ridianur.com/hampoz/tag/event/page/2/index.html]
[theme.ridianur.com/hampoz/tag/funny/index.html]
[theme.ridianur.com/hampoz/wp-json/wp/v2/tags/13.json]
[theme.ridianur.com/hampoz/tag/funny/feed/index.html]
[theme.ridianur.com/hampoz/tag/funny/page/2/index.html]
[theme.ridianur.com/hampoz/wp-json/wp/v2/tags/14.json]
[theme.ridianur.com/hampoz/tag/movie/index.html]
[theme.ridianur.com/hampoz/tag/movie/feed/index.html]
[theme.ridianur.com/hampoz/wp-json/wp/v2/tags/12.json]
[theme.ridianur.com/hampoz/tag/movie/page/2/index.html]
[theme.ridianur.com/hampoz/tag/music/index.html]
[theme.ridianur.com/hampoz/tag/music/feed/index.html]
[theme.ridianur.com/hampoz/wp-json/wp/v2/tags/16.json]
[theme.ridianur.com/hampoz/tag/people/index.html]
[theme.ridianur.com/hampoz/a-collection-of-textile/index.html]
[theme.ridianur.com/hampoz/tag/music/page/2/index.html]
[theme.ridianur.com/hampoz/tag/people/feed/index.html]
[theme.ridianur.com/hampoz/wp-json/wp/v2/posts/652.json]
[theme.ridianur.com/hampoz/tag/people/page/2/index.html]
[theme.ridianur.com/hampoz/wp-json/oembed/1.0/embed10c0.json]
[theme.ridianur.com/hampoz/transformed-in-his-bed/feed/index.html]
[theme.ridianur.com/hampoz/wp-json/oembed/1.0/embed38d9]
[theme.ridianur.com/hampoz/wp-content/uploads/2018/02/blog3-500x300.jpg]
[theme.ridianur.com/hampoz/wp-content/uploads/2018/02/blog8-500x300.jpg]
[theme.ridianur.com/hampoz/wp-content/uploads/2018/02/blog7-500x300.jpg]
[theme.ridianur.com/hampoz/wp-content/uploads/2018/02/blog4-500x300.jpg]
[theme.ridianur.com/hampoz/wp-content/uploads/2018/02/blog5-500x300.jpg]
[theme.ridianur.com/hampoz/wp-content/uploads/2018/02/slider4-500x300.jpg]
[0.gravatar.com/avatar/97ffb2e6179095dd3dc344b0e6ad24b70890.png]
[2.gravatar.com/avatar/bb27d0a67a2c1d0065b7c2cae5700aaf0890.png]
[theme.ridianur.com/hampoz/hello-world/index.html]
[0.gravatar.com/avatar/0ee989fcdd877a53de8bea5c88767105.ef0890.delayed]
[theme.ridianur.com/hampoz/transformed-in-his-bed/index0e22.html]
[theme.ridianur.com/hampoz/transformed-in-his-bed/index3094.html]
[0.gravatar.com/avatar/9543f2b48c46a5e9361279b9ad8db0380890.png]
[theme.ridianur.com/hampoz/transformed-in-his-bed/index.html]
[theme.ridianur.com/hampoz/transformed-in-his-bed/index8e42.html]
[theme.ridianur.com/hampoz/transformed-in-his-bed/index267f.html]
[theme.ridianur.com/hampoz/transformed-in-his-bed/index21b4.html]
[theme.ridianur.com/hampoz/author/admin/index.html]
[theme.ridianur.com/hampoz/wp-json/wp/v2/users/1.json]
[theme.ridianur.com/hampoz/author/admin/feed/index.html]
[theme.ridianur.com/hampoz/author/admin/page/2/index.html]
[theme.ridianur.com/hampoz/breath-of-that-universal/feed/index.html]
[theme.ridianur.com/hampoz/wp-json/wp/v2/posts/649.json]
[theme.ridianur.com/hampoz/wp-json/oembed/1.0/embedc439.json]
[theme.ridianur.com/hampoz/wp-json/oembed/1.0/embedebae]
[theme.ridianur.com/hampoz/wp-content/uploads/2018/02/blog1-500x300.jpg]
[theme.ridianur.com/hampoz/wp-content/uploads/2018/02/blog6-500x300.jpg]
[1.gravatar.com/avatar/1bfebba29b70ea6aa9a9d67b38079ad20890.png]
[theme.ridianur.com/hampoz/breath-of-that-universal/index.html]
[theme.ridianur.com/hampoz/breath-of-that-universal/index41b7.html]
[theme.ridianur.com/hampoz/breath-of-that-universal/index94a5.html]
[theme.ridianur.com/hampoz/initial-into-the-belt/feed/index.html]
[theme.ridianur.com/hampoz/wp-json/wp/v2/posts/647.json]
[theme.ridianur.com/hampoz/wp-json/oembed/1.0/embed3e0e.json]
[theme.ridianur.com/hampoz/initial-into-the-belt/index.html]
[theme.ridianur.com/hampoz/wp-json/oembed/1.0/embed4217]
[theme.ridianur.com/hampoz/their-separate-existence/feed/index.html]
[theme.ridianur.com/hampoz/wp-json/wp/v2/posts/645.json]
[theme.ridianur.com/hampoz/wp-json/oembed/1.0/embed2a44.json]
[theme.ridianur.com/hampoz/their-separate-existence/index.html]
[theme.ridianur.com/hampoz/blog-sidebar/page/2/index.html]
[theme.ridianur.com/hampoz/index3dea.html]
[theme.ridianur.com/hampoz/wp-json/oembed/1.0/embed628e]
[theme.ridianur.com/hampoz/wp-json/wp/v2/categories/1.json]
[theme.ridianur.com/hampoz/category/uncategorized/index.html]
[theme.ridianur.com/hampoz/category/uncategorized/feed/index.html]
[theme.ridianur.com/hampoz/category/politics/index.html]
[theme.ridianur.com/hampoz/wp-json/wp/v2/categories/15.json]
[theme.ridianur.com/hampoz/category/politics/feed/index.html]
[theme.ridianur.com/hampoz/wp-json/wp/v2/categories/18.json]
[theme.ridianur.com/hampoz/category/news/index.html]
[theme.ridianur.com/hampoz/blog-wide/page/2/index.html]
[theme.ridianur.com/hampoz/blog-wide/page/3/index.html]
[theme.ridianur.com/hampoz/index7d08.html]
[theme.ridianur.com/hampoz/category/news/feed/index.html]
[theme.ridianur.com/hampoz/it-va-esser-tam-simplic-quam/feed/index.html]
[theme.ridianur.com/hampoz/wp-json/wp/v2/posts/640.json]
[theme.ridianur.com/hampoz/wp-json/oembed/1.0/embed8374.json]
[theme.ridianur.com/hampoz/it-va-esser-tam-simplic-quam/index.html]
[theme.ridianur.com/hampoz/wp-json/oembed/1.0/embed6190]
[theme.ridianur.com/hampoz/window-at-the-dull-weather/feed/index.html]
[theme.ridianur.com/hampoz/wp-json/wp/v2/posts/638.json]
[theme.ridianur.com/hampoz/wp-json/oembed/1.0/embedc5c5.json]
[theme.ridianur.com/hampoz/window-at-the-dull-weather/index.html]
[theme.ridianur.com/hampoz/blog-slider/page/2/index.html]
[theme.ridianur.com/hampoz/blog-slider/page/3/index.html]
[theme.ridianur.com/hampoz/indexf425.html]
[theme.ridianur.com/hampoz/wp-json/oembed/1.0/embed81b6]
[theme.ridianur.com/hampoz/wp-json/wp/v2/categories/19.json]
[theme.ridianur.com/hampoz/category/magazine/index.html]
[theme.ridianur.com/hampoz/blog-slider-two/page/2/index.html]
[theme.ridianur.com/hampoz/portfolio/integer-tincidunt/feed/index.html]
[theme.ridianur.com/hampoz/indexfa8d.html]
[theme.ridianur.com/hampoz/portfolio/quinoa-street/feed/index.html]
[theme.ridianur.com/hampoz/index30a5.html]
[theme.ridianur.com/hampoz/portfolio/gentrify-four/feed/index.html]
[theme.ridianur.com/hampoz/index8820.html]
[theme.ridianur.com/hampoz/category/magazine/feed/index.html]
[pinterest.com/pin/create/button/index08c0.html]
[theme.ridianur.com/hampoz/portfolio/ethical-occupy/feed/index.html]
[theme.ridianur.com/hampoz/index5f87.html]
[theme.ridianur.com/hampoz/portfolio/helvetica-consequat/feed/index.html]
[theme.ridianur.com/hampoz/index460d.html]
[theme.ridianur.com/hampoz/portfolio/narwhal-keffiyeh/feed/index.html]
[theme.ridianur.com/hampoz/index4579.html]
[theme.ridianur.com/hampoz/portfolio/asymmetrical-chambray/feed/index.html]
[theme.ridianur.com/hampoz/index6aed.html]
[theme.ridianur.com/hampoz/portfolio/bespoke-normcore/feed/index.html]
[theme.ridianur.com/hampoz/index5e74.html]
[theme.ridianur.com/hampoz/tag/event/page/2/index.html]
[theme.ridianur.com/hampoz/tag/funny/page/2/index.html]
[theme.ridianur.com/hampoz/tag/movie/page/2/index.html]
[theme.ridianur.com/hampoz/a-collection-of-textile/feed/index.html]
[theme.ridianur.com/hampoz/wp-json/wp/v2/posts/417.json]
[theme.ridianur.com/hampoz/wp-json/oembed/1.0/embed4e51.json]
[theme.ridianur.com/hampoz/a-collection-of-textile/index.html]
[theme.ridianur.com/hampoz/tag/music/page/2/index.html]
[theme.ridianur.com/hampoz/tag/people/page/2/index.html]
[theme.ridianur.com/hampoz/index47dc.html]
[theme.ridianur.com/hampoz/wp-json/oembed/1.0/embed247c]
[theme.ridianur.com/hampoz/wp-json/wp/v2/posts/1.json]
[theme.ridianur.com/hampoz/hello-world/feed/index.html]
[theme.ridianur.com/hampoz/wp-json/oembed/1.0/embed096e.json]
[theme.ridianur.com/hampoz/wp-json/oembed/1.0/embedf964]
[theme.ridianur.com/hampoz/hello-world/index.html]
[1.gravatar.com/avatar/d7a973c7dab26985da5f961be7b744800890.png]
[theme.ridianur.com/hampoz/transformed-in-his-bed/index0e22.html]
[theme.ridianur.com/hampoz/hello-world/index6809.html]
[theme.ridianur.com/hampoz/transformed-in-his-bed/index3094.html]
[theme.ridianur.com/hampoz/transformed-in-his-bed/index8e42.html]
[theme.ridianur.com/hampoz/transformed-in-his-bed/index267f.html]
[theme.ridianur.com/hampoz/transformed-in-his-bed/index21b4.html]
[pinterest.com/pin/create/button/indexb5e4.html]
[theme.ridianur.com/hampoz/author/admin/page/2/index.html]
[fonts.googleapis.com/css62a8.css]
[theme.ridianur.com/hampoz/index7b0e.html]
[theme.ridianur.com/hampoz/breath-of-that-universal/index41b7.html]
[theme.ridianur.com/hampoz/breath-of-that-universal/index94a5.html]
[pinterest.com/pin/create/button/indexf182.html]
[theme.ridianur.com/hampoz/index6087.html]
[pinterest.com/pin/create/button/indexcebb.html]
[fonts.googleapis.com/cssebe7.css]
[theme.ridianur.com/hampoz/indexc725.html]
[pinterest.com/pin/create/button/index7135.html]
[theme.ridianur.com/hampoz/author/admin/page/3/index.html]
[theme.ridianur.com/hampoz/index55df.html]
[pinterest.com/pin/create/button/indexb98e.html]
[theme.ridianur.com/hampoz/indexc9fb.html]
[pinterest.com/pin/create/button/index21c4.html]
[pinterest.com/pin/create/button/index8e29.html]
[theme.ridianur.com/hampoz/indexb8c6.html]
[pinterest.com/pin/create/button/index9076.html]
[theme.ridianur.com/hampoz/indexcff1.html]
[theme.ridianur.com/hampoz/hello-world/index6809.html]
[pinterest.com/pin/create/button/index1bc1.html]
[pinterest.com/pin/create/button/indexd68b.html]
[theme.ridianur.com/hampoz/author/admin/page/3/index.html]
[pinterest.com/pin/create/button/indexe702.html]
[pinterest.com/pin/create/button/index332e.html]
[pinterest.com/pin/create/button/indexc353.html]
[pinterest.com/pin/create/button/indexbdd7.html]
[pinterest.com/pin/create/button/index66ca.html]
[pinterest.com/pin/create/button/indexd45e.html]
[pinterest.com/pin/create/button/index5d48.html]
[theme.ridianur.com/hampoz/wp-includes/css/dist/block-library/style.min234e.css]
[theme.ridianur.com/hampoz/wp-json/index.html]
[theme.ridianur.com/hampoz/wp-json/wp/v2/pages/6.json]
[theme.ridianur.com/hampoz/wp-content/plugins/contact-form-7/assets/ajax-loader.gif]
[theme.ridianur.com/hampoz/wp-content/plugins/contact-form-7/includes/css/styles9dff.css]
[theme.ridianur.com/hampoz/wp-content/themes/hampoz/fonts/glyphicons-halflings-regular.eot]
[theme.ridianur.com/hampoz/wp-json/oembed/1.0/embed2fd4.json]
[theme.ridianur.com/hampoz/wp-json/oembed/1.0/embed72fa]
[theme.ridianur.com/hampoz/wp-content/themes/hampoz/fonts/glyphicons-halflings-regular.119d41d.delayed]
[theme.ridianur.com/hampoz/wp-content/themes/hampoz/fonts/glyphicons-halflings-regular.woff2]
[theme.ridianur.com/hampoz/wp-content/themes/hampoz/fonts/glyphicons-halflings-regular.woff]
[theme.ridianur.com/hampoz/wp-content/themes/hampoz/fonts/glyphicons-halflings-regular.ttf]
[theme.ridianur.com/hampoz/wp-content/themes/hampoz/fonts/glyphicons-halflings-regular.svg]
[theme.ridianur.com/hampoz/wp-content/themes/hampoz/css/bootstrap.min68b3.css]
[theme.ridianur.com/hampoz/wp-content/themes/hampoz/fonts/fontawesome-webfont3e6e.eot]
[theme.ridianur.com/hampoz/wp-content/themes/hampoz/fonts/fontawesome-webfontd41d.eot]
[theme.ridianur.com/hampoz/wp-content/themes/hampoz/fonts/fontawesome-webfont3e6e.woff2]
[theme.ridianur.com/hampoz/wp-content/themes/hampoz/fonts/fontawesome-webfont3e6e.woff]
[theme.ridianur.com/hampoz/wp-content/themes/hampoz/fonts/fontawesome-webfont3e6e.ttf]
[theme.ridianur.com/hampoz/wp-content/themes/hampoz/css/font-awesome.min68b3.css]
[theme.ridianur.com/hampoz/wp-content/themes/hampoz/css/magnific-popup68b3.css]
[theme.ridianur.com/hampoz/wp-content/themes/hampoz/css/preloader68b3.css]
[theme.ridianur.com/hampoz/wp-content/themes/hampoz/css/animate68b3.css]
[theme.ridianur.com/hampoz/wp-content/themes/hampoz/css/magic68b3.css]
[theme.ridianur.com/hampoz/wp-content/themes/hampoz/css/slick68b3.css]
[theme.ridianur.com/hampoz/wp-json/oembed/1.0/embed8643.json]
[theme.ridianur.com/hampoz/wp-content/themes/hampoz/css/jquery.fatNav68b3.css]
[theme.ridianur.com/hampoz/wp-json/wp/v2/pages/245.json]
[theme.ridianur.com/hampoz/wp-json/oembed/1.0/embed09f9]
[theme.ridianur.com/hampoz/wp-content/themes/hampoz/images/search.png]
[theme.ridianur.com/hampoz/wp-content/themes/hampoz/style68b3.css]
[theme.ridianur.com/hampoz/wp-content/plugins/elementor/assets/lib/eicons/fonts/eiconsa481.eot]
[theme.ridianur.com/hampoz/wp-content/plugins/elementor/assets/lib/eicons/fonts/eiconsa481.woff2]
[theme.ridianur.com/hampoz/wp-content/plugins/elementor/assets/lib/eicons/fonts/eiconsa481.woff]
[theme.ridianur.com/hampoz/wp-content/plugins/elementor/assets/lib/eicons/fonts/eiconsa481.ttf]
[theme.ridianur.com/hampoz/wp-content/plugins/elementor/assets/lib/eicons/css/elementor-icons.min21f9.css]
[theme.ridianur.com/hampoz/wp-content/plugins/elementor/assets/lib/animations/animations.minaeb9.css]
[theme.ridianur.com/hampoz/wp-content/plugins/elementor/assets/css/frontend-legacy.minaeb9.css]
[theme.ridianur.com/hampoz/wp-json/oembed/1.0/embed8e2b.json]
[theme.ridianur.com/hampoz/wp-content/plugins/elementor/assets/css/frontend.minaeb9.css]
[theme.ridianur.com/hampoz/wp-json/wp/v2/pages/382.json]
[theme.ridianur.com/hampoz/wp-content/uploads/elementor/css/post-883e20b.css]
[theme.ridianur.com/hampoz/wp-json/oembed/1.0/embed4249]
[theme.ridianur.com/hampoz/wp-content/plugins/elementor/assets/lib/font-awesome/fonts/fontawesome-webfont3e6e.eot]
[theme.ridianur.com/hampoz/wp-content/plugins/elementor/assets/lib/font-awesome/fonts/fontawesome-webfontd41d.eot]
[theme.ridianur.com/hampoz/wp-content/plugins/elementor/assets/lib/font-awesome/fonts/fontawesome-webfont3e6e.woff2]
[theme.ridianur.com/hampoz/wp-content/plugins/elementor/assets/lib/font-awesome/fonts/fontawesome-webfont3e6e.woff]
[theme.ridianur.com/hampoz/wp-content/plugins/elementor/assets/lib/font-awesome/fonts/fontawesome-webfont3e6e.ttf]
[theme.ridianur.com/hampoz/wp-content/plugins/elementor/assets/lib/font-awesome/css/font-awesome.min1849.css]
[theme.ridianur.com/hampoz/wp-content/uploads/elementor/css/post-69e02.css]
[theme.ridianur.com/hampoz/wp-json/wp/v2/pages/542.json]
[theme.ridianur.com/hampoz/wp-json/oembed/1.0/embed0f50.json]
[theme.ridianur.com/hampoz/wp-json/oembed/1.0/embede620]
[theme.ridianur.com/hampoz/portfolio/integer-tincidunt/index.html]
[theme.ridianur.com/hampoz/wp-json/wp/v2/pages/478.json]
[theme.ridianur.com/hampoz/wp-json/oembed/1.0/embedaf07.json]
[theme.ridianur.com/hampoz/wp-json/oembed/1.0/embed59f5]
[theme.ridianur.com/hampoz/wp-json/wp/v2/pages/505.json]
[theme.ridianur.com/hampoz/portfolio/quinoa-street/index.html]
[theme.ridianur.com/hampoz/wp-json/oembed/1.0/embed8456.json]
[theme.ridianur.com/hampoz/wp-json/oembed/1.0/embed262f]
[theme.ridianur.com/hampoz/wp-json/wp/v2/pages/148.json]
[theme.ridianur.com/hampoz/wp-json/oembed/1.0/embed3c1d.json]
[theme.ridianur.com/hampoz/portfolio/gentrify-four/index.html]
[theme.ridianur.com/hampoz/wp-json/oembed/1.0/embede521]
[theme.ridianur.com/hampoz/wp-json/wp/v2/pages/314.json]
[theme.ridianur.com/hampoz/wp-json/oembed/1.0/embedc87c.json]
[theme.ridianur.com/hampoz/wp-json/oembed/1.0/embed0365]
[theme.ridianur.com/hampoz/portfolio/ethical-occupy/index.html]
[theme.ridianur.com/hampoz/wp-json/oembed/1.0/embed16fa.json]
[theme.ridianur.com/hampoz/wp-json/wp/v2/pages/520.json]
[theme.ridianur.com/hampoz/wp-json/oembed/1.0/embedddee]
[theme.ridianur.com/hampoz/wp-json/wp/v2/pages/185.json]
[theme.ridianur.com/hampoz/wp-json/oembed/1.0/embeda948]
[theme.ridianur.com/hampoz/wp-json/oembed/1.0/embedda24.json]
[theme.ridianur.com/hampoz/portfolio/helvetica-consequat/index.html]
[theme.ridianur.com/hampoz/wp-json/wp/v2/pages/346.json]
[theme.ridianur.com/hampoz/wp-json/oembed/1.0/embed3c85.json]
[theme.ridianur.com/hampoz/wp-json/oembed/1.0/embed69ba]
[theme.ridianur.com/hampoz/portfolio/narwhal-keffiyeh/index.html]
[theme.ridianur.com/hampoz/wp-content/uploads/elementor/css/post-6849e02.css]
[theme.ridianur.com/hampoz/wp-json/oembed/1.0/embed2a52.json]
[theme.ridianur.com/hampoz/wp-json/wp/v2/pages/429.json]
[theme.ridianur.com/hampoz/wp-json/oembed/1.0/embed8e79]
[theme.ridianur.com/hampoz/wp-json/oembed/1.0/embed987a.json]
[theme.ridianur.com/hampoz/wp-json/wp/v2/pages/456.json]
[theme.ridianur.com/hampoz/wp-json/oembed/1.0/embed82f4]
[gmpg.org/xfn/default.css]
[theme.ridianur.com/hampoz/wp-content/uploads/elementor/css/post-2459241.css]
[theme.ridianur.com/hampoz/indexe1a1.html]
[theme.ridianur.com/hampoz/wp-json/oembed/1.0/embed570a.json]
[theme.ridianur.com/hampoz/wp-json/wp/v2/pages/229.json]
[theme.ridianur.com/hampoz/wp-json/oembed/1.0/embeddb71]
[theme.ridianur.com/hampoz/wp-json/wp/v2/pages/360.json]
[theme.ridianur.com/hampoz/wp-json/oembed/1.0/embedcd99.json]
[theme.ridianur.com/hampoz/wp-json/oembed/1.0/embeddd22]
[theme.ridianur.com/hampoz/portfolio/asymmetrical-chambray/index.html]
[theme.ridianur.com/hampoz/wp-json/oembed/1.0/embedb180.json]
[theme.ridianur.com/hampoz/wp-json/wp/v2/pages/511.json]
[theme.ridianur.com/hampoz/wp-json/oembed/1.0/embedd020]
[theme.ridianur.com/hampoz/portfolio/bespoke-normcore/index.html]
[theme.ridianur.com/hampoz/wp-content/uploads/elementor/css/post-382e20b.css]
[theme.ridianur.com/hampoz/index802e.html]
[theme.ridianur.com/hampoz/wp-json/wp/v2/pages/513.json]
[theme.ridianur.com/hampoz/wp-json/oembed/1.0/embedd17e.json]
[theme.ridianur.com/hampoz/wp-json/oembed/1.0/embedfcc2]
[theme.ridianur.com/hampoz/wp-content/uploads/elementor/css/post-693e20b.css]
[theme.ridianur.com/hampoz/wp-content/uploads/elementor/css/post-5423261.css]
[theme.ridianur.com/hampoz/wp-json/wp/v2/pages/657.json]
[theme.ridianur.com/hampoz/wp-json/oembed/1.0/embedb06f]
[theme.ridianur.com/hampoz/wp-json/oembed/1.0/embed8971.json]
[theme.ridianur.com/hampoz/index0d79.html]
[theme.ridianur.com/hampoz/wp-content/uploads/elementor/css/post-6753261.css]
[theme.ridianur.com/hampoz/wp-content/uploads/elementor/css/post-4780f0b.css]
[theme.ridianur.com/hampoz/wp-json/oembed/1.0/embed59ea.json]
[theme.ridianur.com/hampoz/wp-json/wp/v2/pages/667.json]
[theme.ridianur.com/hampoz/wp-json/oembed/1.0/embedd7e2.json]
[theme.ridianur.com/hampoz/index50ba.html]
[theme.ridianur.com/hampoz/wp-json/oembed/1.0/embedff6e]
[theme.ridianur.com/hampoz/wp-content/uploads/elementor/css/post-50549ce.css]
[theme.ridianur.com/hampoz/index9b9e.html]
[theme.ridianur.com/hampoz/wp-content/uploads/elementor/css/post-14878eb.css]
[theme.ridianur.com/hampoz/indexa36b.html]
[theme.ridianur.com/hampoz/wp-json/oembed/1.0/embed2893.json]
[theme.ridianur.com/hampoz/wp-json/oembed/1.0/embed0e68]
[theme.ridianur.com/hampoz/wp-content/uploads/elementor/css/post-3144398.css]
[theme.ridianur.com/hampoz/wp-json/oembed/1.0/embedfdc3.json]
[theme.ridianur.com/hampoz/index1031.html]
[theme.ridianur.com/hampoz/wp-json/oembed/1.0/embedfbd7]
[theme.ridianur.com/hampoz/wp-content/uploads/2018/02/slider9.jpg]
[theme.ridianur.com/hampoz/wp-content/uploads/elementor/css/post-5201db8.css]
[theme.ridianur.com/hampoz/wp-json/oembed/1.0/embed1586.json]
[theme.ridianur.com/hampoz/wp-json/oembed/1.0/embedf90d]
[theme.ridianur.com/hampoz/wp-json/oembed/1.0/embed479f.json]
[theme.ridianur.com/hampoz/indexc37e.html]
[theme.ridianur.com/hampoz/wp-json/oembed/1.0/embedaa6f.json]
[theme.ridianur.com/hampoz/wp-json/oembed/1.0/embede24f]
[theme.ridianur.com/hampoz/wp-content/uploads/elementor/css/post-1858e02.css]
[theme.ridianur.com/hampoz/wp-json/oembed/1.0/embed1f36]
[theme.ridianur.com/hampoz/indexb998.html]
[theme.ridianur.com/hampoz/wp-json/oembed/1.0/embed3950.json]
[theme.ridianur.com/hampoz/wp-json/oembed/1.0/embed9590]
[theme.ridianur.com/hampoz/wp-json/oembed/1.0/embed5a42.json]
[theme.ridianur.com/hampoz/wp-json/oembed/1.0/embed1714]
[theme.ridianur.com/hampoz/tag/event/feed/index.html]
[theme.ridianur.com/hampoz/wp-content/uploads/elementor/css/post-34643b5.css]
[theme.ridianur.com/hampoz/tag/funny/feed/index.html]
[theme.ridianur.com/hampoz/wp-json/wp/v2/tags/17.json]
[theme.ridianur.com/hampoz/index17f1.html]
[theme.ridianur.com/hampoz/wp-content/uploads/elementor/css/post-429addd.css]
[theme.ridianur.com/hampoz/indexedce.html]
[theme.ridianur.com/hampoz/wp-json/wp/v2/tags/13.json]
[theme.ridianur.com/hampoz/wp-content/uploads/elementor/css/post-456039f.css]
[theme.ridianur.com/hampoz/tag/movie/feed/index.html]
[theme.ridianur.com/hampoz/tag/music/feed/index.html]
[theme.ridianur.com/hampoz/wp-json/wp/v2/tags/12.json]
[theme.ridianur.com/hampoz/index7014.html]
[theme.ridianur.com/hampoz/wp-content/uploads/elementor/css/post-2297a64.css]
[theme.ridianur.com/hampoz/tag/people/feed/index.html]
[theme.ridianur.com/hampoz/wp-json/wp/v2/tags/16.json]
[theme.ridianur.com/hampoz/index4580.html]
[theme.ridianur.com/hampoz/transformed-in-his-bed/feed/index.html]
[theme.ridianur.com/hampoz/wp-content/uploads/elementor/css/post-360471d.css]
[theme.ridianur.com/hampoz/wp-json/wp/v2/posts/652.json]
[theme.ridianur.com/hampoz/wp-json/oembed/1.0/embed38d9]
[theme.ridianur.com/hampoz/index4c85.html]
[0.gravatar.com/avatar/97ffb2e6179095dd3dc344b0e6ad24b70890.png]
[theme.ridianur.com/hampoz/wp-content/uploads/elementor/css/post-511fd05.css]
[2.gravatar.com/avatar/bb27d0a67a2c1d0065b7c2cae5700aaf0890.png]
[theme.ridianur.com/hampoz/index8e0b.html]
[theme.ridianur.com/hampoz/author/admin/feed/index.html]
[theme.ridianur.com/hampoz/wp-json/wp/v2/users/1.json]
[theme.ridianur.com/hampoz/breath-of-that-universal/feed/index.html]
[theme.ridianur.com/hampoz/wp-json/wp/v2/posts/649.json]
[theme.ridianur.com/hampoz/wp-json/oembed/1.0/embedc439.json]
[theme.ridianur.com/hampoz/tag/event/index.html]
[theme.ridianur.com/hampoz/initial-into-the-belt/feed/index.html]
[theme.ridianur.com/hampoz/wp-json/wp/v2/posts/647.json]
[theme.ridianur.com/hampoz/author/admin/index.html]
[theme.ridianur.com/hampoz/wp-json/oembed/1.0/embed3e0e.json]
[theme.ridianur.com/hampoz/wp-json/oembed/1.0/embed4217]
[theme.ridianur.com/hampoz/their-separate-existence/feed/index.html]
[theme.ridianur.com/hampoz/wp-json/oembed/1.0/embed2a44.json]
[theme.ridianur.com/hampoz/wp-json/wp/v2/posts/645.json]
[theme.ridianur.com/hampoz/wp-json/oembed/1.0/embed628e]
[theme.ridianur.com/hampoz/category/uncategorized/feed/index.html]
[theme.ridianur.com/hampoz/category/politics/feed/index.html]
[theme.ridianur.com/hampoz/initial-into-the-belt/index.html]
[theme.ridianur.com/hampoz/wp-json/wp/v2/categories/1.json]
[theme.ridianur.com/hampoz/wp-json/wp/v2/categories/15.json]
[theme.ridianur.com/hampoz/category/news/feed/index.html]
[theme.ridianur.com/hampoz/wp-json/wp/v2/categories/18.json]
[theme.ridianur.com/hampoz/it-va-esser-tam-simplic-quam/feed/index.html]
[theme.ridianur.com/hampoz/their-separate-existence/index.html]
[theme.ridianur.com/hampoz/window-at-the-dull-weather/feed/index.html]
[theme.ridianur.com/hampoz/wp-json/wp/v2/posts/640.json]
[theme.ridianur.com/hampoz/wp-json/oembed/1.0/embed6190]
[theme.ridianur.com/hampoz/wp-json/wp/v2/posts/638.json]
[theme.ridianur.com/hampoz/wp-json/oembed/1.0/embedc5c5.json]
[theme.ridianur.com/hampoz/blog-sidebar/page/2/index.html]
[theme.ridianur.com/hampoz/wp-json/oembed/1.0/embed81b6]
[theme.ridianur.com/hampoz/category/magazine/feed/index.html]
[theme.ridianur.com/hampoz/index3dea.html]
[theme.ridianur.com/hampoz/a-collection-of-textile/feed/index.html]
[theme.ridianur.com/hampoz/wp-json/wp/v2/posts/417.json]
[theme.ridianur.com/hampoz/wp-json/oembed/1.0/embed4e51.json]
[theme.ridianur.com/hampoz/wp-json/oembed/1.0/embed247c]
[theme.ridianur.com/hampoz/category/uncategorized/index.html]
[theme.ridianur.com/hampoz/hello-world/feed/index.html]
[theme.ridianur.com/hampoz/wp-content/uploads/elementor/css/post-657b500.css]
[theme.ridianur.com/hampoz/wp-json/wp/v2/posts/1.json]
[1.gravatar.com/avatar/d7a973c7dab26985da5f961be7b744800890.png]
[theme.ridianur.com/hampoz/wp-json/oembed/1.0/embedf964]
[theme.ridianur.com/hampoz/index7d08.html]
[theme.ridianur.com/hampoz/it-va-esser-tam-simplic-quam/index.html]
[theme.ridianur.com/hampoz/window-at-the-dull-weather/index.html]
[theme.ridianur.com/hampoz/blog-slider/page/2/index.html]
[theme.ridianur.com/hampoz/wp-content/uploads/elementor/css/post-667925a.css]
[theme.ridianur.com/hampoz/indexf425.html]
[theme.ridianur.com/hampoz/wp-json/oembed/1.0/embedbfd2]
[theme.ridianur.com/hampoz/portfolio/quinoa-street/feed/index.html]
[theme.ridianur.com/hampoz/wp-content/uploads/elementor/css/post-114b4fc.css]
[theme.ridianur.com/hampoz/portfolio/gentrify-four/feed/index.html]
[theme.ridianur.com/hampoz/wp-content/uploads/elementor/css/post-1126ac7.css]
[pinterest.com/pin/create/button/index08c0.html]
[theme.ridianur.com/hampoz/portfolio/ethical-occupy/feed/index.html]
[theme.ridianur.com/hampoz/wp-content/uploads/elementor/css/post-1103670.css]
[theme.ridianur.com/hampoz/portfolio/helvetica-consequat/feed/index.html]
[theme.ridianur.com/hampoz/wp-content/uploads/elementor/css/post-1086d21.css]
[theme.ridianur.com/hampoz/portfolio/narwhal-keffiyeh/feed/index.html]
[theme.ridianur.com/hampoz/portfolio/asymmetrical-chambray/feed/index.html]
[theme.ridianur.com/hampoz/portfolio/bespoke-normcore/feed/index.html]
[theme.ridianur.com/hampoz/tag/event/page/2/index.html]
[theme.ridianur.com/hampoz/tag/funny/page/2/index.html]
[theme.ridianur.com/hampoz/wp-json/wp/v2/tags/14.json]
[theme.ridianur.com/hampoz/a-collection-of-textile/index.html]
[theme.ridianur.com/hampoz/tag/people/page/2/index.html]
[theme.ridianur.com/hampoz/wp-content/uploads/elementor/css/post-652e890.css]
[theme.ridianur.com/hampoz/index47dc.html]
[theme.ridianur.com/hampoz/hello-world/index.html]
[theme.ridianur.com/hampoz/transformed-in-his-bed/index0e22.html]
[theme.ridianur.com/hampoz/transformed-in-his-bed/index3094.html]
[theme.ridianur.com/hampoz/author/admin/page/2/index.html]
[theme.ridianur.com/hampoz/wp-content/uploads/elementor/css/post-6494931.css]
[theme.ridianur.com/hampoz/index7b0e.html]
[theme.ridianur.com/hampoz/wp-json/oembed/1.0/embedebae]
[theme.ridianur.com/hampoz/breath-of-that-universal/index41b7.html]
[theme.ridianur.com/hampoz/wp-content/uploads/elementor/css/post-647c939.css]
[theme.ridianur.com/hampoz/index6087.html]
[pinterest.com/pin/create/button/indexcebb.html]
[theme.ridianur.com/hampoz/wp-content/uploads/elementor/css/post-6453cc5.css]
[theme.ridianur.com/hampoz/indexc725.html]
[pinterest.com/pin/create/button/index7135.html]
[theme.ridianur.com/hampoz/wp-content/uploads/elementor/css/post-640ad60.css]
[theme.ridianur.com/hampoz/index55df.html]
[pinterest.com/pin/create/button/indexb98e.html]
[theme.ridianur.com/hampoz/wp-content/uploads/elementor/css/post-6385593.css]
[theme.ridianur.com/hampoz/indexc9fb.html]
[pinterest.com/pin/create/button/index21c4.html]
[theme.ridianur.com/hampoz/wp-json/wp/v2/categories/19.json]
[pinterest.com/pin/create/button/index8e29.html]
[theme.ridianur.com/hampoz/wp-content/uploads/elementor/css/post-4176fc8.css]
[theme.ridianur.com/hampoz/indexb8c6.html]
[pinterest.com/pin/create/button/index9076.html]
[theme.ridianur.com/hampoz/indexcff1.html]
[theme.ridianur.com/hampoz/hello-world/index6809.html]
[theme.ridianur.com/hampoz/wp-content/themes/hampoz/fonts/glyphicons-halflings-regular.html]
[theme.ridianur.com/hampoz/wp-content/themes/hampoz/fonts/glyphicons-halflings-regulard41d.html]
[theme.ridianur.com/hampoz/wp-content/themes/hampoz/fonts/glyphicons-halflings-regular-2.html]
[theme.ridianur.com/hampoz/wp-content/themes/hampoz/fonts/glyphicons-halflings-regular-3.html]
[theme.ridianur.com/hampoz/wp-content/themes/hampoz/fonts/glyphicons-halflings-regular-4.html]
[theme.ridianur.com/hampoz/wp-content/themes/hampoz/fonts/glyphicons-halflings-regular-5.html]
[theme.ridianur.com/hampoz/wp-content/themes/hampoz/fonts/fontawesome-webfont3e6e.svg]
[theme.ridianur.com/hampoz/wp-content/plugins/elementor/assets/lib/eicons/fonts/eiconsa481.svg]
[theme.ridianur.com/hampoz/wp-content/plugins/elementor/assets/lib/font-awesome/fonts/fontawesome-webfont3e6e.svg]
